ℹ [2906/2914] Replayed TypeEmbeddings.Diagnostics.AllAxioms
info: TypeEmbeddings/Diagnostics/AllAxioms.lean:6:0: 'TypeEmbeddings.rightMul_conjugate' depends on axioms: [propext, Classical.choice, Quot.sound]
info: TypeEmbeddings/Diagnostics/AllAxioms.lean:7:0: 'TypeEmbeddings.rightMul_adjoint_pairing' depends on axioms: [propext, Classical.choice, Quot.sound]
info: TypeEmbeddings/Diagnostics/AllAxioms.lean:8:0: 'TypeEmbeddings.rightMul_inner' depends on axioms: [propext, Classical.choice, Quot.sound]
info: TypeEmbeddings/Diagnostics/AllAxioms.lean:9:0: 'TypeEmbeddings.pureRGB_inner' depends on axioms: [propext, Classical.choice, Quot.sound]
info: TypeEmbeddings/Diagnostics/AllAxioms.lean:10:0: 'TypeEmbeddings.pureRGB_norm' depends on axioms: [propext, Classical.choice, Quot.sound]
info: TypeEmbeddings/Diagnostics/AllAxioms.lean:11:0: 'TypeEmbeddings.pureRGB_adjoint_pairing' depends on axioms: [propext, Classical.choice, Quot.sound]
info: TypeEmbeddings/Diagnostics/AllAxioms.lean:12:0: 'TypeEmbeddings.rightMulMatrix_apply' depends on axioms: [propext, Classical.choice, Quot.sound]
info: TypeEmbeddings/Diagnostics/AllAxioms.lean:13:0: 'TypeEmbeddings.rightMul_gram' depends on axioms: [propext, Classical.choice, Quot.sound]
info: TypeEmbeddings/Diagnostics/AllAxioms.lean:14:0: 'TypeEmbeddings.encoder_gram' depends on axioms: [propext, Classical.choice, Quot.sound]
info: TypeEmbeddings/Diagnostics/AllAxioms.lean:15:0: 'TypeEmbeddings.stacked_gram' depends on axioms: [propext, Classical.choice, Quot.sound]
info: TypeEmbeddings/Diagnostics/AllAxioms.lean:16:0: 'TypeEmbeddings.encoderMatrix_gram' depends on axioms: [propext, Classical.choice, Quot.sound]
info: TypeEmbeddings/Diagnostics/AllAxioms.lean:17:0: 'TypeEmbeddings.decoderMatrix_leftInverse' depends on axioms: [propext, Classical.choice, Quot.sound]
info: TypeEmbeddings/Diagnostics/AllAxioms.lean:18:0: 'TypeEmbeddings.decoder_fused' depends on axioms: [propext, Classical.choice, Quot.sound]
info: TypeEmbeddings/Diagnostics/AllAxioms.lean:19:0: 'TypeEmbeddings.decoder_roundTrip' depends on axioms: [propext, Classical.choice, Quot.sound]
info: TypeEmbeddings/Diagnostics/AllAxioms.lean:20:0: 'TypeEmbeddings.encoder_injective' depends on axioms: [propext, Classical.choice, Quot.sound]
info: TypeEmbeddings/Diagnostics/AllAxioms.lean:21:0: 'TypeEmbeddings.penrose_encoder' depends on axioms: [propext, Classical.choice, Quot.sound]
info: TypeEmbeddings/Diagnostics/AllAxioms.lean:22:0: 'TypeEmbeddings.penrose_decoder' depends on axioms: [propext, Classical.choice, Quot.sound]
info: TypeEmbeddings/Diagnostics/AllAxioms.lean:23:0: 'TypeEmbeddings.penrose_projection_symmetric' depends on axioms: [propext, Classical.choice, Quot.sound]
info: TypeEmbeddings/Diagnostics/AllAxioms.lean:24:0: 'TypeEmbeddings.penrose_inverse_symmetric' depends on axioms: [propext, Classical.choice, Quot.sound]
info: TypeEmbeddings/Diagnostics/AllAxioms.lean:25:0: 'TypeEmbeddings.reconstruction_score' depends on axioms: [propext, Classical.choice, Quot.sound]
info: TypeEmbeddings/Diagnostics/AllAxioms.lean:26:0: 'TypeEmbeddings.decoder_unique_leastSquares' depends on axioms: [propext, Classical.choice, Quot.sound]
info: TypeEmbeddings/Diagnostics/AllAxioms.lean:27:0: 'TypeEmbeddings.decoder_error_bound' depends on axioms: [propext, Classical.choice, Quot.sound]
info: TypeEmbeddings/Diagnostics/AllAxioms.lean:28:0: 'TypeEmbeddings.encoder_rank' depends on axioms: [propext, Classical.choice, Quot.sound]
info: TypeEmbeddings/Diagnostics/AllAxioms.lean:29:0: 'TypeEmbeddings.encoder_singularValue' depends on axioms: [propext, Classical.choice, Quot.sound]
info: TypeEmbeddings/Diagnostics/AllAxioms.lean:30:0: 'TypeEmbeddings.encoder_singularValue_tail' depends on axioms: [propext, Classical.choice, Quot.sound]
info: TypeEmbeddings/Diagnostics/AllAxioms.lean:31:0: 'TypeEmbeddings.encoder_condition' depends on axioms: [propext, Classical.choice, Quot.sound]
info: TypeEmbeddings/Diagnostics/AllAxioms.lean:32:0: 'TypeEmbeddings.encoder_opNorm' depends on axioms: [propext, Classical.choice, Quot.sound]
info: TypeEmbeddings/Diagnostics/AllAxioms.lean:33:0: 'TypeEmbeddings.decoder_opNorm' depends on axioms: [propext, Classical.choice, Quot.sound]
info: TypeEmbeddings/Diagnostics/AllAxioms.lean:34:0: 'TypeEmbeddings.channelValue_injective' depends on axioms: [propext, Classical.choice, Quot.sound]
info: TypeEmbeddings/Diagnostics/AllAxioms.lean:35:0: 'TypeEmbeddings.rgb_card' depends on axioms: [propext, Classical.choice, Quot.sound]
info: TypeEmbeddings/Diagnostics/AllAxioms.lean:36:0: 'TypeEmbeddings.channelValue_abs_gap' depends on axioms: [propext, Classical.choice, Quot.sound]
info: TypeEmbeddings/Diagnostics/AllAxioms.lean:37:0: 'TypeEmbeddings.rgbValue_injective' depends on axioms: [propext, Classical.choice, Quot.sound]
info: TypeEmbeddings/Diagnostics/AllAxioms.lean:38:0: 'TypeEmbeddings.nearestChannel_minimizes' depends on axioms: [propext, Classical.choice, Quot.sound]
info: TypeEmbeddings/Diagnostics/AllAxioms.lean:39:0: 'TypeEmbeddings.nearestChannel_tie' depends on axioms: [propext, Classical.choice, Quot.sound]
info: TypeEmbeddings/Diagnostics/AllAxioms.lean:40:0: 'TypeEmbeddings.nearestChannel_eq_round_clip' depends on axioms: [propext, Classical.choice, Quot.sound]
info: TypeEmbeddings/Diagnostics/AllAxioms.lean:41:0: 'TypeEmbeddings.nearestRGB_minimizes' depends on axioms: [propext, Classical.choice, Quot.sound]
info: TypeEmbeddings/Diagnostics/AllAxioms.lean:42:0: 'TypeEmbeddings.nearestRGB_global_minimizer' depends on axioms: [propext, Classical.choice, Quot.sound]
info: TypeEmbeddings/Diagnostics/AllAxioms.lean:43:0: 'TypeEmbeddings.decodeRGB_roundTrip' depends on axioms: [propext, Classical.choice, Quot.sound]
info: TypeEmbeddings/Diagnostics/AllAxioms.lean:44:0: 'TypeEmbeddings.decodeRGB_exact_of_margin' depends on axioms: [propext, Classical.choice, Quot.sound]
info: TypeEmbeddings/Diagnostics/AllAxioms.lean:45:0: 'TypeEmbeddings.decodeRGB_exact_of_noise' depends on axioms: [propext, Classical.choice, Quot.sound]
info: TypeEmbeddings/Diagnostics/AllAxioms.lean:46:0: 'TypeEmbeddings.channelNormalizer_pos' depends on axioms: [propext, Classical.choice, Quot.sound]
info: TypeEmbeddings/Diagnostics/AllAxioms.lean:47:0: 'TypeEmbeddings.channelProbability_sum' depends on axioms: [propext, Classical.choice, Quot.sound]
info: TypeEmbeddings/Diagnostics/AllAxioms.lean:48:0: 'TypeEmbeddings.rgbProbability_sum' depends on axioms: [propext, Classical.choice, Quot.sound]
info: TypeEmbeddings/Diagnostics/AllAxioms.lean:49:0: 'TypeEmbeddings.rgbProbability_mode' depends on axioms: [propext, Classical.choice, Quot.sound]
info: TypeEmbeddings/Diagnostics/AllAxioms.lean:50:0: 'TypeEmbeddings.rgbPMF' depends on axioms: [propext, Classical.choice, Quot.sound]
info: TypeEmbeddings/Diagnostics/AllAxioms.lean:51:0: 'TypeEmbeddings.rgbPMF_mode' depends on axioms: [propext, Classical.choice, Quot.sound]
info: TypeEmbeddings/Diagnostics/AllAxioms.lean:52:0: 'TypeEmbeddings.coreCoefficient_count' depends on axioms: [propext, Classical.choice, Quot.sound]
info: TypeEmbeddings/Diagnostics/AllAxioms.lean:53:0: 'TypeEmbeddings.untiedRGB_count' depends on axioms: [propext, Classical.choice, Quot.sound]
info: TypeEmbeddings/Diagnostics/AllAxioms.lean:54:0: 'TypeEmbeddings.untiedPadded_count' depends on axioms: [propext, Classical.choice, Quot.sound]
info: TypeEmbeddings/Diagnostics/AllAxioms.lean:55:0: 'TypeEmbeddings.scalePredictor_count' depends on axioms: [propext, Classical.choice, Quot.sound]
info: TypeEmbeddings/Diagnostics/AllAxioms.lean:56:0: 'TypeEmbeddings.atomicRGB_512_bf16_bytes' depends on axioms: [propext, Classical.choice, Quot.sound]
info: TypeEmbeddings/Diagnostics/AllAxioms.lean:57:0: 'TypeEmbeddings.encoder_cost' depends on axioms: [propext, Classical.choice, Quot.sound]
info: TypeEmbeddings/Diagnostics/AllAxioms.lean:58:0: 'TypeEmbeddings.decoder_cost' depends on axioms: [propext, Classical.choice, Quot.sound]
info: TypeEmbeddings/Diagnostics/AllAxioms.lean:59:0: 'TypeEmbeddings.roundTiesEven_interval' depends on axioms: [propext, Classical.choice, Quot.sound]
info: TypeEmbeddings/Diagnostics/AllAxioms.lean:60:0: 'TypeEmbeddings.roundTiesEven_halfway' depends on axioms: [propext, Classical.choice, Quot.sound]
info: TypeEmbeddings/Diagnostics/AllAxioms.lean:61:0: 'TypeEmbeddings.roundTiesEven_halfway_eq' depends on axioms: [propext, Classical.choice, Quot.sound]
info: TypeEmbeddings/Diagnostics/AllAxioms.lean:62:0: 'TypeEmbeddings.channel_minimizes_of_closed_interval' depends on axioms: [propext, Classical.choice, Quot.sound]
info: TypeEmbeddings/Diagnostics/AllAxioms.lean:63:0: 'TypeEmbeddings.nearestChannelEven_minimizes' depends on axioms: [propext, Classical.choice, Quot.sound]
info: TypeEmbeddings/Diagnostics/AllAxioms.lean:64:0: 'TypeEmbeddings.nearestChannelEven_exact_of_margin' depends on axioms: [propext, Classical.choice, Quot.sound]
info: TypeEmbeddings/Diagnostics/AllAxioms.lean:65:0: 'TypeEmbeddings.nearestRGBEven_minimizes' depends on axioms: [propext, Classical.choice, Quot.sound]
info: TypeEmbeddings/Diagnostics/AllAxioms.lean:66:0: 'TypeEmbeddings.nearestRGBEven_global_minimizer' depends on axioms: [propext, Classical.choice, Quot.sound]
info: TypeEmbeddings/Diagnostics/AllAxioms.lean:67:0: 'TypeEmbeddings.decodeRGBEven_roundTrip' depends on axioms: [propext, Classical.choice, Quot.sound]
info: TypeEmbeddings/Diagnostics/AllAxioms.lean:68:0: 'TypeEmbeddings.decodeRGBEven_exact_of_margin' depends on axioms: [propext, Classical.choice, Quot.sound]
info: TypeEmbeddings/Diagnostics/AllAxioms.lean:69:0: 'TypeEmbeddings.decodeRGBEven_exact_of_noise' depends on axioms: [propext, Classical.choice, Quot.sound]
info: TypeEmbeddings/Diagnostics/AllAxioms.lean:70:0: 'TypeEmbeddings.channelProbability_even_mode' depends on axioms: [propext, Classical.choice, Quot.sound]
info: TypeEmbeddings/Diagnostics/AllAxioms.lean:71:0: 'TypeEmbeddings.rgbProbability_even_mode' depends on axioms: [propext, Classical.choice, Quot.sound]
info: TypeEmbeddings/Diagnostics/AllAxioms.lean:72:0: 'TypeEmbeddings.normalizedBank_energy' depends on axioms: [propext, Classical.choice, Quot.sound]
info: TypeEmbeddings/Diagnostics/AllAxioms.lean:73:0: 'TypeEmbeddings.normalizedBank_pos' depends on axioms: [propext, Classical.choice, Quot.sound]
info: TypeEmbeddings/Diagnostics/AllAxioms.lean:74:0: 'TypeEmbeddings.residualDegrees_pos' depends on axioms: [propext, Classical.choice, Quot.sound]
info: TypeEmbeddings/Diagnostics/AllAxioms.lean:75:0: 'TypeEmbeddings.residualVariance_floor' depends on axioms: [propext, Classical.choice, Quot.sound]
info: TypeEmbeddings/Diagnostics/AllAxioms.lean:76:0: 'TypeEmbeddings.residualVariance_pos' depends on axioms: [propext, Classical.choice, Quot.sound]
info: TypeEmbeddings/Diagnostics/AllAxioms.lean:77:0: 'TypeEmbeddings.residualVariance_mono' depends on axioms: [propext, Classical.choice, Quot.sound]
info: TypeEmbeddings/Diagnostics/AllAxioms.lean:78:0: 'TypeEmbeddings.residualVariance_strict_mono' depends on axioms: [propext, Classical.choice, Quot.sound]
info: TypeEmbeddings/Diagnostics/AllAxioms.lean:79:0: 'TypeEmbeddings.residualVariance_eq_floor_iff' depends on axioms: [propext, Classical.choice, Quot.sound]
info: TypeEmbeddings/Diagnostics/AllAxioms.lean:80:0: 'TypeEmbeddings.residualVariance_at_code' depends on axioms: [propext, Classical.choice, Quot.sound]
info: TypeEmbeddings/Diagnostics/AllAxioms.lean:81:0: 'TypeEmbeddings.residualScale_sq' depends on axioms: [propext, Classical.choice, Quot.sound]
info: TypeEmbeddings/Diagnostics/AllAxioms.lean:82:0: 'TypeEmbeddings.softplusGain_pos' depends on axioms: [propext, Classical.choice, Quot.sound]
info: TypeEmbeddings/Diagnostics/AllAxioms.lean:83:0: 'TypeEmbeddings.softplusGain_one' depends on axioms: [propext, Classical.choice, Quot.sound]
info: TypeEmbeddings/Diagnostics/AllAxioms.lean:84:0: 'TypeEmbeddings.TypeCodebook.exists_separation' depends on axioms: [propext, Classical.choice, Quot.sound]
info: TypeEmbeddings/Diagnostics/AllAxioms.lean:85:0: 'TypeEmbeddings.nearestType_exact_of_margin' depends on axioms: [propext, Classical.choice, Quot.sound]
info: TypeEmbeddings/Diagnostics/AllAxioms.lean:86:0: 'TypeEmbeddings.typeProbability_sum' depends on axioms: [propext, Classical.choice, Quot.sound]
info: TypeEmbeddings/Diagnostics/AllAxioms.lean:87:0: 'TypeEmbeddings.type_logits_equal_norm' depends on axioms: [propext, Classical.choice, Quot.sound]
info: TypeEmbeddings/Diagnostics/AllAxioms.lean:88:0: 'TypeEmbeddings.typePMF' depends on axioms: [propext, Classical.choice, Quot.sound]
info: TypeEmbeddings/Diagnostics/AllAxioms.lean:89:0: 'TypeEmbeddings.typePMF_mode' depends on axioms: [propext, Classical.choice, Quot.sound]
info: TypeEmbeddings/Diagnostics/AllAxioms.lean:90:0: 'TypeEmbeddings.rgbReaderProbability_sum' depends on axioms: [propext, Classical.choice, Quot.sound]
info: TypeEmbeddings/Diagnostics/AllAxioms.lean:91:0: 'TypeEmbeddings.rgbReaderProbability_mode' depends on axioms: [propext, Classical.choice, Quot.sound]
info: TypeEmbeddings/Diagnostics/AllAxioms.lean:92:0: 'TypeEmbeddings.rgbReaderPMF' depends on axioms: [propext, Classical.choice, Quot.sound]
info: TypeEmbeddings/Diagnostics/AllAxioms.lean:93:0: 'TypeEmbeddings.typeReaderProbability_sum' depends on axioms: [propext, Classical.choice, Quot.sound]
info: TypeEmbeddings/Diagnostics/AllAxioms.lean:94:0: 'TypeEmbeddings.typeReaderProbability_mode' depends on axioms: [propext, Classical.choice, Quot.sound]
info: TypeEmbeddings/Diagnostics/AllAxioms.lean:95:0: 'TypeEmbeddings.typeReaderPMF' depends on axioms: [propext, Classical.choice, Quot.sound]
info: TypeEmbeddings/Diagnostics/AllAxioms.lean:96:0: 'TypeEmbeddings.rgbReaderSummary' depends on axioms: [propext, Classical.choice, Quot.sound]
info: TypeEmbeddings/Diagnostics/AllAxioms.lean:97:0: 'TypeEmbeddings.typeReaderSummary' depends on axioms: [propext, Classical.choice, Quot.sound]
info: TypeEmbeddings/Diagnostics/AllAxioms.lean:98:0: 'TypeEmbeddings.rgb_reconstruction_likelihood' depends on axioms: [propext, Classical.choice, Quot.sound]
info: TypeEmbeddings/Diagnostics/AllAxioms.lean:99:0: 'TypeEmbeddings.rgbReader_reconstruction_likelihood' depends on axioms: [propext, Classical.choice, Quot.sound]
info: TypeEmbeddings/Diagnostics/AllAxioms.lean:100:0: 'TypeEmbeddings.readerTemperature_pos' depends on axioms: [propext, Classical.choice, Quot.sound]
info: TypeEmbeddings/Diagnostics/AllAxioms.lean:101:0: 'TypeEmbeddings.rgbReader_reconstruction_temperature' depends on axioms: [propext, Classical.choice, Quot.sound]
info: TypeEmbeddings/Diagnostics/AllAxioms.lean:102:0: 'TypeEmbeddings.typedEmbedding_type_roundTrip' depends on axioms: [propext, Classical.choice, Quot.sound]
info: TypeEmbeddings/Diagnostics/AllAxioms.lean:103:0: 'TypeEmbeddings.typedEmbedding_value_roundTrip' depends on axioms: [propext, Classical.choice, Quot.sound]
info: TypeEmbeddings/Diagnostics/AllAxioms.lean:104:0: 'TypeEmbeddings.typedJoint_sum' depends on axioms: [propext, Classical.choice, Quot.sound]
info: TypeEmbeddings/Diagnostics/AllAxioms.lean:105:0: 'TypeEmbeddings.typedJoint_type_marginal' depends on axioms: [propext, Classical.choice, Quot.sound]
info: TypeEmbeddings/Diagnostics/AllAxioms.lean:106:0: 'TypeEmbeddings.typedJointPMF' depends on axioms: [propext, Classical.choice, Quot.sound]
info: TypeEmbeddings/Diagnostics/AllAxioms.lean:107:0: 'TypeEmbeddings.structuredCoefficient_count' depends on axioms: [propext, Classical.choice, Quot.sound]
info: TypeEmbeddings/Diagnostics/AllAxioms.lean:108:0: 'TypeEmbeddings.structured_512_count' depends on axioms: [propext, Classical.choice, Quot.sound]
info: TypeEmbeddings/Diagnostics/AllAxioms.lean:109:0: 'TypeEmbeddings.structured_output_work_bound' depends on axioms: [propext, Classical.choice, Quot.sound]
info: TypeEmbeddings/Diagnostics/AllAxioms.lean:110:0: 'TypeEmbeddings.structured_output_cost' depends on axioms: [propext, Classical.choice, Quot.sound]
info: TypeEmbeddings/Diagnostics/AllAxioms.lean:111:0: 'TypeEmbeddings.channelValue_bf16' depends on axioms: [propext, Classical.choice, Quot.sound]
info: TypeEmbeddings/Diagnostics/AllAxioms.lean:112:0: 'TypeEmbeddings.channelValue_dyadic' depends on axioms: [propext, Classical.choice, Quot.sound]
info: TypeEmbeddings/Diagnostics/AllAxioms.lean:113:0: 'TypeEmbeddings.wrongCode_zeroResidual' depends on axioms: [propext, Classical.choice, Quot.sound]
info: TypeEmbeddings/Diagnostics/AllAxioms.lean:114:0: 'TypeEmbeddings.sharedTwoInput_not_injective' depends on axioms: [propext, Classical.choice, Quot.sound]
info: TypeEmbeddings/Diagnostics/AllAxioms.lean:115:0: 'TypeEmbeddings.storageCounter_weights_bf16' depends on axioms: [propext, Classical.choice, Quot.sound]
info: TypeEmbeddings/Diagnostics/AllAxioms.lean:116:0: 'TypeEmbeddings.storageCounter_rounding' depends on axioms: [propext, Classical.choice, Quot.sound]
info: TypeEmbeddings/Diagnostics/AllAxioms.lean:117:0: 'TypeEmbeddings.storageCounter_decode_location' depends on axioms: [propext, Classical.choice, Quot.sound]
info: TypeEmbeddings/Diagnostics/AllAxioms.lean:118:0: 'TypeEmbeddings.storageCounter_wrong_decode' depends on axioms: [propext, Classical.choice, Quot.sound]
info: TypeEmbeddings/Diagnostics/AllAxioms.lean:119:0: 'TypeEmbeddings.wrongCode_floorWidth' depends on axioms: [propext, Classical.choice, Quot.sound]
info: TypeEmbeddings/Diagnostics/AllAxioms.lean:120:0: 'TypeEmbeddings.storageCounter_wrong_even_decode' depends on axioms: [propext, Classical.choice, Quot.sound]
ℹ [2907/2914] Replayed TypeEmbeddings.Diagnostics.BankAxioms
info: TypeEmbeddings/Diagnostics/BankAxioms.lean:4:0: 'TypeEmbeddings.encoder_gram' depends on axioms: [propext, Classical.choice, Quot.sound]
info: TypeEmbeddings/Diagnostics/BankAxioms.lean:5:0: 'TypeEmbeddings.stacked_gram' depends on axioms: [propext, Classical.choice, Quot.sound]
info: TypeEmbeddings/Diagnostics/BankAxioms.lean:6:0: 'TypeEmbeddings.encoderMatrix_gram' depends on axioms: [propext, Classical.choice, Quot.sound]
info: TypeEmbeddings/Diagnostics/BankAxioms.lean:7:0: 'TypeEmbeddings.decoderMatrix_leftInverse' depends on axioms: [propext, Classical.choice, Quot.sound]
info: TypeEmbeddings/Diagnostics/BankAxioms.lean:8:0: 'TypeEmbeddings.decoder_fused' depends on axioms: [propext, Classical.choice, Quot.sound]
info: TypeEmbeddings/Diagnostics/BankAxioms.lean:9:0: 'TypeEmbeddings.decoder_roundTrip' depends on axioms: [propext, Classical.choice, Quot.sound]
info: TypeEmbeddings/Diagnostics/BankAxioms.lean:10:0: 'TypeEmbeddings.encoder_injective' depends on axioms: [propext, Classical.choice, Quot.sound]
info: TypeEmbeddings/Diagnostics/BankAxioms.lean:11:0: 'TypeEmbeddings.penrose_encoder' depends on axioms: [propext, Classical.choice, Quot.sound]
info: TypeEmbeddings/Diagnostics/BankAxioms.lean:12:0: 'TypeEmbeddings.penrose_decoder' depends on axioms: [propext, Classical.choice, Quot.sound]
info: TypeEmbeddings/Diagnostics/BankAxioms.lean:13:0: 'TypeEmbeddings.penrose_projection_symmetric' depends on axioms: [propext, Classical.choice, Quot.sound]
info: TypeEmbeddings/Diagnostics/BankAxioms.lean:14:0: 'TypeEmbeddings.penrose_inverse_symmetric' depends on axioms: [propext, Classical.choice, Quot.sound]
info: TypeEmbeddings/Diagnostics/BankAxioms.lean:15:0: 'TypeEmbeddings.reconstruction_score' depends on axioms: [propext, Classical.choice, Quot.sound]
info: TypeEmbeddings/Diagnostics/BankAxioms.lean:16:0: 'TypeEmbeddings.decoder_unique_leastSquares' depends on axioms: [propext, Classical.choice, Quot.sound]
info: TypeEmbeddings/Diagnostics/BankAxioms.lean:17:0: 'TypeEmbeddings.decoder_error_bound' depends on axioms: [propext, Classical.choice, Quot.sound]
info: TypeEmbeddings/Diagnostics/BankAxioms.lean:18:0: 'TypeEmbeddings.encoder_rank' depends on axioms: [propext, Classical.choice, Quot.sound]
info: TypeEmbeddings/Diagnostics/BankAxioms.lean:19:0: 'TypeEmbeddings.encoder_singularValue' depends on axioms: [propext, Classical.choice, Quot.sound]
info: TypeEmbeddings/Diagnostics/BankAxioms.lean:20:0: 'TypeEmbeddings.encoder_singularValue_tail' depends on axioms: [propext, Classical.choice, Quot.sound]
info: TypeEmbeddings/Diagnostics/BankAxioms.lean:21:0: 'TypeEmbeddings.encoder_condition' depends on axioms: [propext, Classical.choice, Quot.sound]
info: TypeEmbeddings/Diagnostics/BankAxioms.lean:22:0: 'TypeEmbeddings.encoder_opNorm' depends on axioms: [propext, Classical.choice, Quot.sound]
info: TypeEmbeddings/Diagnostics/BankAxioms.lean:23:0: 'TypeEmbeddings.decoder_opNorm' depends on axioms: [propext, Classical.choice, Quot.sound]
ℹ [2909/2914] Replayed TypeEmbeddings.Diagnostics.EvenGridAxioms
info: TypeEmbeddings/Diagnostics/EvenGridAxioms.lean:4:0: 'TypeEmbeddings.roundTiesEven_interval' depends on axioms: [propext, Classical.choice, Quot.sound]
info: TypeEmbeddings/Diagnostics/EvenGridAxioms.lean:5:0: 'TypeEmbeddings.roundTiesEven_halfway' depends on axioms: [propext, Classical.choice, Quot.sound]
info: TypeEmbeddings/Diagnostics/EvenGridAxioms.lean:6:0: 'TypeEmbeddings.roundTiesEven_halfway_eq' depends on axioms: [propext, Classical.choice, Quot.sound]
info: TypeEmbeddings/Diagnostics/EvenGridAxioms.lean:7:0: 'TypeEmbeddings.channel_minimizes_of_closed_interval' depends on axioms: [propext, Classical.choice, Quot.sound]
info: TypeEmbeddings/Diagnostics/EvenGridAxioms.lean:8:0: 'TypeEmbeddings.nearestChannelEven_minimizes' depends on axioms: [propext, Classical.choice, Quot.sound]
info: TypeEmbeddings/Diagnostics/EvenGridAxioms.lean:9:0: 'TypeEmbeddings.nearestChannelEven_exact_of_margin' depends on axioms: [propext, Classical.choice, Quot.sound]
info: TypeEmbeddings/Diagnostics/EvenGridAxioms.lean:10:0: 'TypeEmbeddings.nearestRGBEven_minimizes' depends on axioms: [propext, Classical.choice, Quot.sound]
info: TypeEmbeddings/Diagnostics/EvenGridAxioms.lean:11:0: 'TypeEmbeddings.nearestRGBEven_global_minimizer' depends on axioms: [propext, Classical.choice, Quot.sound]
info: TypeEmbeddings/Diagnostics/EvenGridAxioms.lean:12:0: 'TypeEmbeddings.decodeRGBEven_roundTrip' depends on axioms: [propext, Classical.choice, Quot.sound]
info: TypeEmbeddings/Diagnostics/EvenGridAxioms.lean:13:0: 'TypeEmbeddings.decodeRGBEven_exact_of_margin' depends on axioms: [propext, Classical.choice, Quot.sound]
info: TypeEmbeddings/Diagnostics/EvenGridAxioms.lean:14:0: 'TypeEmbeddings.decodeRGBEven_exact_of_noise' depends on axioms: [propext, Classical.choice, Quot.sound]
info: TypeEmbeddings/Diagnostics/EvenGridAxioms.lean:15:0: 'TypeEmbeddings.channelProbability_even_mode' depends on axioms: [propext, Classical.choice, Quot.sound]
info: TypeEmbeddings/Diagnostics/EvenGridAxioms.lean:16:0: 'TypeEmbeddings.rgbProbability_even_mode' depends on axioms: [propext, Classical.choice, Quot.sound]
ℹ [2910/2914] Replayed TypeEmbeddings.Diagnostics.GridAxioms
info: TypeEmbeddings/Diagnostics/GridAxioms.lean:4:0: 'TypeEmbeddings.channelValue_injective' depends on axioms: [propext, Classical.choice, Quot.sound]
info: TypeEmbeddings/Diagnostics/GridAxioms.lean:5:0: 'TypeEmbeddings.rgb_card' depends on axioms: [propext, Classical.choice, Quot.sound]
info: TypeEmbeddings/Diagnostics/GridAxioms.lean:6:0: 'TypeEmbeddings.channelValue_abs_gap' depends on axioms: [propext, Classical.choice, Quot.sound]
info: TypeEmbeddings/Diagnostics/GridAxioms.lean:7:0: 'TypeEmbeddings.rgbValue_injective' depends on axioms: [propext, Classical.choice, Quot.sound]
info: TypeEmbeddings/Diagnostics/GridAxioms.lean:8:0: 'TypeEmbeddings.nearestChannel_minimizes' depends on axioms: [propext, Classical.choice, Quot.sound]
info: TypeEmbeddings/Diagnostics/GridAxioms.lean:9:0: 'TypeEmbeddings.nearestChannel_tie' depends on axioms: [propext, Classical.choice, Quot.sound]
info: TypeEmbeddings/Diagnostics/GridAxioms.lean:10:0: 'TypeEmbeddings.nearestChannel_eq_round_clip' depends on axioms: [propext, Classical.choice, Quot.sound]
info: TypeEmbeddings/Diagnostics/GridAxioms.lean:11:0: 'TypeEmbeddings.nearestRGB_minimizes' depends on axioms: [propext, Classical.choice, Quot.sound]
info: TypeEmbeddings/Diagnostics/GridAxioms.lean:12:0: 'TypeEmbeddings.nearestRGB_global_minimizer' depends on axioms: [propext, Classical.choice, Quot.sound]
info: TypeEmbeddings/Diagnostics/GridAxioms.lean:13:0: 'TypeEmbeddings.decodeRGB_roundTrip' depends on axioms: [propext, Classical.choice, Quot.sound]
info: TypeEmbeddings/Diagnostics/GridAxioms.lean:14:0: 'TypeEmbeddings.decodeRGB_exact_of_margin' depends on axioms: [propext, Classical.choice, Quot.sound]
info: TypeEmbeddings/Diagnostics/GridAxioms.lean:15:0: 'TypeEmbeddings.decodeRGB_exact_of_noise' depends on axioms: [propext, Classical.choice, Quot.sound]
ℹ [2911/2914] Replayed TypeEmbeddings.Diagnostics.NumericalAxioms
info: TypeEmbeddings/Diagnostics/NumericalAxioms.lean:3:0: 'TypeEmbeddings.channelValue_bf16' depends on axioms: [propext, Classical.choice, Quot.sound]
info: TypeEmbeddings/Diagnostics/NumericalAxioms.lean:4:0: 'TypeEmbeddings.channelValue_dyadic' depends on axioms: [propext, Classical.choice, Quot.sound]
info: TypeEmbeddings/Diagnostics/NumericalAxioms.lean:5:0: 'TypeEmbeddings.wrongCode_zeroResidual' depends on axioms: [propext, Classical.choice, Quot.sound]
info: TypeEmbeddings/Diagnostics/NumericalAxioms.lean:6:0: 'TypeEmbeddings.sharedTwoInput_not_injective' depends on axioms: [propext, Classical.choice, Quot.sound]
info: TypeEmbeddings/Diagnostics/NumericalAxioms.lean:7:0: 'TypeEmbeddings.storageCounter_weights_bf16' depends on axioms: [propext, Classical.choice, Quot.sound]
info: TypeEmbeddings/Diagnostics/NumericalAxioms.lean:8:0: 'TypeEmbeddings.storageCounter_rounding' depends on axioms: [propext, Classical.choice, Quot.sound]
info: TypeEmbeddings/Diagnostics/NumericalAxioms.lean:9:0: 'TypeEmbeddings.storageCounter_decode_location' depends on axioms: [propext, Classical.choice, Quot.sound]
info: TypeEmbeddings/Diagnostics/NumericalAxioms.lean:10:0: 'TypeEmbeddings.storageCounter_wrong_decode' depends on axioms: [propext, Classical.choice, Quot.sound]
info: TypeEmbeddings/Diagnostics/NumericalAxioms.lean:11:0: 'TypeEmbeddings.wrongCode_floorWidth' depends on axioms: [propext, Classical.choice, Quot.sound]
info: TypeEmbeddings/Diagnostics/NumericalAxioms.lean:12:0: 'TypeEmbeddings.storageCounter_wrong_even_decode' depends on axioms: [propext, Classical.choice, Quot.sound]
ℹ [2912/2914] Replayed TypeEmbeddings.Diagnostics.ProbabilityCountAxioms
info: TypeEmbeddings/Diagnostics/ProbabilityCountAxioms.lean:4:0: 'TypeEmbeddings.channelNormalizer_pos' depends on axioms: [propext, Classical.choice, Quot.sound]
info: TypeEmbeddings/Diagnostics/ProbabilityCountAxioms.lean:5:0: 'TypeEmbeddings.channelProbability_sum' depends on axioms: [propext, Classical.choice, Quot.sound]
info: TypeEmbeddings/Diagnostics/ProbabilityCountAxioms.lean:6:0: 'TypeEmbeddings.rgbProbability_sum' depends on axioms: [propext, Classical.choice, Quot.sound]
info: TypeEmbeddings/Diagnostics/ProbabilityCountAxioms.lean:7:0: 'TypeEmbeddings.rgbProbability_mode' depends on axioms: [propext, Classical.choice, Quot.sound]
info: TypeEmbeddings/Diagnostics/ProbabilityCountAxioms.lean:8:0: 'TypeEmbeddings.rgbPMF' depends on axioms: [propext, Classical.choice, Quot.sound]
info: TypeEmbeddings/Diagnostics/ProbabilityCountAxioms.lean:9:0: 'TypeEmbeddings.rgbPMF_mode' depends on axioms: [propext, Classical.choice, Quot.sound]
info: TypeEmbeddings/Diagnostics/ProbabilityCountAxioms.lean:10:0: 'TypeEmbeddings.coreCoefficient_count' depends on axioms: [propext, Classical.choice, Quot.sound]
info: TypeEmbeddings/Diagnostics/ProbabilityCountAxioms.lean:11:0: 'TypeEmbeddings.untiedRGB_count' depends on axioms: [propext, Classical.choice, Quot.sound]
info: TypeEmbeddings/Diagnostics/ProbabilityCountAxioms.lean:12:0: 'TypeEmbeddings.untiedPadded_count' depends on axioms: [propext, Classical.choice, Quot.sound]
info: TypeEmbeddings/Diagnostics/ProbabilityCountAxioms.lean:13:0: 'TypeEmbeddings.scalePredictor_count' depends on axioms: [propext, Classical.choice, Quot.sound]
info: TypeEmbeddings/Diagnostics/ProbabilityCountAxioms.lean:14:0: 'TypeEmbeddings.atomicRGB_512_bf16_bytes' depends on axioms: [propext, Classical.choice, Quot.sound]
info: TypeEmbeddings/Diagnostics/ProbabilityCountAxioms.lean:15:0: 'TypeEmbeddings.encoder_cost' depends on axioms: [propext, Classical.choice, Quot.sound]
info: TypeEmbeddings/Diagnostics/ProbabilityCountAxioms.lean:16:0: 'TypeEmbeddings.decoder_cost' depends on axioms: [propext, Classical.choice, Quot.sound]
ℹ [2913/2914] Replayed TypeEmbeddings.Diagnostics.QuaternionAxioms
info: TypeEmbeddings/Diagnostics/QuaternionAxioms.lean:4:0: 'TypeEmbeddings.rightMul_conjugate' depends on axioms: [propext, Classical.choice, Quot.sound]
info: TypeEmbeddings/Diagnostics/QuaternionAxioms.lean:5:0: 'TypeEmbeddings.rightMul_adjoint_pairing' depends on axioms: [propext, Classical.choice, Quot.sound]
info: TypeEmbeddings/Diagnostics/QuaternionAxioms.lean:6:0: 'TypeEmbeddings.rightMul_inner' depends on axioms: [propext, Classical.choice, Quot.sound]
info: TypeEmbeddings/Diagnostics/QuaternionAxioms.lean:7:0: 'TypeEmbeddings.pureRGB_inner' depends on axioms: [propext, Classical.choice, Quot.sound]
info: TypeEmbeddings/Diagnostics/QuaternionAxioms.lean:8:0: 'TypeEmbeddings.pureRGB_norm' depends on axioms: [propext, Classical.choice, Quot.sound]
info: TypeEmbeddings/Diagnostics/QuaternionAxioms.lean:9:0: 'TypeEmbeddings.pureRGB_adjoint_pairing' depends on axioms: [propext, Classical.choice, Quot.sound]
info: TypeEmbeddings/Diagnostics/QuaternionAxioms.lean:10:0: 'TypeEmbeddings.rightMulMatrix_apply' depends on axioms: [propext, Classical.choice, Quot.sound]
info: TypeEmbeddings/Diagnostics/QuaternionAxioms.lean:11:0: 'TypeEmbeddings.rightMul_gram' depends on axioms: [propext, Classical.choice, Quot.sound]
ℹ [2914/2914] Built TypeEmbeddings.Diagnostics.UnifiedAxioms (1.0s)
info: TypeEmbeddings/Diagnostics/UnifiedAxioms.lean:11:0: 'TypeEmbeddings.normalizedBank_energy' depends on axioms: [propext, Classical.choice, Quot.sound]
info: TypeEmbeddings/Diagnostics/UnifiedAxioms.lean:12:0: 'TypeEmbeddings.normalizedBank_pos' depends on axioms: [propext, Classical.choice, Quot.sound]
info: TypeEmbeddings/Diagnostics/UnifiedAxioms.lean:13:0: 'TypeEmbeddings.residualDegrees_pos' depends on axioms: [propext, Classical.choice, Quot.sound]
info: TypeEmbeddings/Diagnostics/UnifiedAxioms.lean:14:0: 'TypeEmbeddings.residualVariance_floor' depends on axioms: [propext, Classical.choice, Quot.sound]
info: TypeEmbeddings/Diagnostics/UnifiedAxioms.lean:15:0: 'TypeEmbeddings.residualVariance_pos' depends on axioms: [propext, Classical.choice, Quot.sound]
info: TypeEmbeddings/Diagnostics/UnifiedAxioms.lean:16:0: 'TypeEmbeddings.residualVariance_mono' depends on axioms: [propext, Classical.choice, Quot.sound]
info: TypeEmbeddings/Diagnostics/UnifiedAxioms.lean:17:0: 'TypeEmbeddings.residualVariance_strict_mono' depends on axioms: [propext, Classical.choice, Quot.sound]
info: TypeEmbeddings/Diagnostics/UnifiedAxioms.lean:18:0: 'TypeEmbeddings.residualVariance_eq_floor_iff' depends on axioms: [propext, Classical.choice, Quot.sound]
info: TypeEmbeddings/Diagnostics/UnifiedAxioms.lean:19:0: 'TypeEmbeddings.residualVariance_at_code' depends on axioms: [propext, Classical.choice, Quot.sound]
info: TypeEmbeddings/Diagnostics/UnifiedAxioms.lean:20:0: 'TypeEmbeddings.residualScale_sq' depends on axioms: [propext, Classical.choice, Quot.sound]
info: TypeEmbeddings/Diagnostics/UnifiedAxioms.lean:21:0: 'TypeEmbeddings.softplusGain_pos' depends on axioms: [propext, Classical.choice, Quot.sound]
info: TypeEmbeddings/Diagnostics/UnifiedAxioms.lean:22:0: 'TypeEmbeddings.softplusGain_one' depends on axioms: [propext, Classical.choice, Quot.sound]
info: TypeEmbeddings/Diagnostics/UnifiedAxioms.lean:23:0: 'TypeEmbeddings.TypeCodebook.exists_separation' depends on axioms: [propext, Classical.choice, Quot.sound]
info: TypeEmbeddings/Diagnostics/UnifiedAxioms.lean:24:0: 'TypeEmbeddings.nearestType_exact_of_margin' depends on axioms: [propext, Classical.choice, Quot.sound]
info: TypeEmbeddings/Diagnostics/UnifiedAxioms.lean:25:0: 'TypeEmbeddings.typeProbability_sum' depends on axioms: [propext, Classical.choice, Quot.sound]
info: TypeEmbeddings/Diagnostics/UnifiedAxioms.lean:26:0: 'TypeEmbeddings.type_logits_equal_norm' depends on axioms: [propext, Classical.choice, Quot.sound]
info: TypeEmbeddings/Diagnostics/UnifiedAxioms.lean:27:0: 'TypeEmbeddings.typePMF' depends on axioms: [propext, Classical.choice, Quot.sound]
info: TypeEmbeddings/Diagnostics/UnifiedAxioms.lean:28:0: 'TypeEmbeddings.typePMF_mode' depends on axioms: [propext, Classical.choice, Quot.sound]
info: TypeEmbeddings/Diagnostics/UnifiedAxioms.lean:29:0: 'TypeEmbeddings.rgbReaderProbability_sum' depends on axioms: [propext, Classical.choice, Quot.sound]
info: TypeEmbeddings/Diagnostics/UnifiedAxioms.lean:30:0: 'TypeEmbeddings.rgbReaderProbability_mode' depends on axioms: [propext, Classical.choice, Quot.sound]
info: TypeEmbeddings/Diagnostics/UnifiedAxioms.lean:31:0: 'TypeEmbeddings.rgbReaderPMF' depends on axioms: [propext, Classical.choice, Quot.sound]
info: TypeEmbeddings/Diagnostics/UnifiedAxioms.lean:32:0: 'TypeEmbeddings.typeReaderProbability_sum' depends on axioms: [propext, Classical.choice, Quot.sound]
info: TypeEmbeddings/Diagnostics/UnifiedAxioms.lean:33:0: 'TypeEmbeddings.typeReaderProbability_mode' depends on axioms: [propext, Classical.choice, Quot.sound]
info: TypeEmbeddings/Diagnostics/UnifiedAxioms.lean:34:0: 'TypeEmbeddings.typeReaderPMF' depends on axioms: [propext, Classical.choice, Quot.sound]
info: TypeEmbeddings/Diagnostics/UnifiedAxioms.lean:35:0: 'TypeEmbeddings.rgbReaderSummary' depends on axioms: [propext, Classical.choice, Quot.sound]
info: TypeEmbeddings/Diagnostics/UnifiedAxioms.lean:36:0: 'TypeEmbeddings.typeReaderSummary' depends on axioms: [propext, Classical.choice, Quot.sound]
info: TypeEmbeddings/Diagnostics/UnifiedAxioms.lean:37:0: 'TypeEmbeddings.rgb_reconstruction_likelihood' depends on axioms: [propext, Classical.choice, Quot.sound]
info: TypeEmbeddings/Diagnostics/UnifiedAxioms.lean:38:0: 'TypeEmbeddings.rgbReader_reconstruction_likelihood' depends on axioms: [propext, Classical.choice, Quot.sound]
info: TypeEmbeddings/Diagnostics/UnifiedAxioms.lean:39:0: 'TypeEmbeddings.readerTemperature_pos' depends on axioms: [propext, Classical.choice, Quot.sound]
info: TypeEmbeddings/Diagnostics/UnifiedAxioms.lean:40:0: 'TypeEmbeddings.rgbReader_reconstruction_temperature' depends on axioms: [propext, Classical.choice, Quot.sound]
info: TypeEmbeddings/Diagnostics/UnifiedAxioms.lean:41:0: 'TypeEmbeddings.typedEmbedding_type_roundTrip' depends on axioms: [propext, Classical.choice, Quot.sound]
info: TypeEmbeddings/Diagnostics/UnifiedAxioms.lean:42:0: 'TypeEmbeddings.typedEmbedding_value_roundTrip' depends on axioms: [propext, Classical.choice, Quot.sound]
info: TypeEmbeddings/Diagnostics/UnifiedAxioms.lean:43:0: 'TypeEmbeddings.typedJoint_sum' depends on axioms: [propext, Classical.choice, Quot.sound]
info: TypeEmbeddings/Diagnostics/UnifiedAxioms.lean:44:0: 'TypeEmbeddings.typedJoint_type_marginal' depends on axioms: [propext, Classical.choice, Quot.sound]
info: TypeEmbeddings/Diagnostics/UnifiedAxioms.lean:45:0: 'TypeEmbeddings.typedJointPMF' depends on axioms: [propext, Classical.choice, Quot.sound]
info: TypeEmbeddings/Diagnostics/UnifiedAxioms.lean:46:0: 'TypeEmbeddings.structuredCoefficient_count' depends on axioms: [propext, Classical.choice, Quot.sound]
info: TypeEmbeddings/Diagnostics/UnifiedAxioms.lean:47:0: 'TypeEmbeddings.structured_512_count' depends on axioms: [propext, Classical.choice, Quot.sound]
info: TypeEmbeddings/Diagnostics/UnifiedAxioms.lean:48:0: 'TypeEmbeddings.structured_output_work_bound' depends on axioms: [propext, Classical.choice, Quot.sound]
info: TypeEmbeddings/Diagnostics/UnifiedAxioms.lean:49:0: 'TypeEmbeddings.structured_output_cost' depends on axioms: [propext, Classical.choice, Quot.sound]
Build completed successfully (2914 jobs).
