ℹ [2434/2436] Built Qrnn.AxiomAudit (1.9s)
info: Qrnn/AxiomAudit.lean:8:0: 'Qrnn.hamilton_components' depends on axioms: [propext, Classical.choice, Quot.sound]
info: Qrnn/AxiomAudit.lean:9:0: 'Qrnn.leftBlock_apply' depends on axioms: [propext, Classical.choice, Quot.sound]
info: Qrnn/AxiomAudit.lean:10:0: 'Qrnn.rightBlock_apply' depends on axioms: [propext, Classical.choice, Quot.sound]
info: Qrnn/AxiomAudit.lean:11:0: 'Qrnn.leftBlock_mul' depends on axioms: [propext, Classical.choice, Quot.sound]
info: Qrnn/AxiomAudit.lean:12:0: 'Qrnn.rightBlock_mul' depends on axioms: [propext, Classical.choice, Quot.sound]
info: Qrnn/AxiomAudit.lean:13:0: 'Qrnn.expand_apply' depends on axioms: [propext, Classical.choice, Quot.sound]
info: Qrnn/AxiomAudit.lean:14:0: 'Qrnn.expand_mul' depends on axioms: [propext, Classical.choice, Quot.sound]
info: Qrnn/AxiomAudit.lean:15:0: 'Qrnn.expand_conjTranspose' depends on axioms: [propext, Classical.choice, Quot.sound]
info: Qrnn/AxiomAudit.lean:16:0: 'Qrnn.matrix_mul_pair' depends on axioms: [propext, Classical.choice, Quot.sound]
info: Qrnn/AxiomAudit.lean:17:0: 'Qrnn.matrix_weight_pair' depends on axioms: [propext, Classical.choice, Quot.sound]
info: Qrnn/AxiomAudit.lean:18:0: 'Qrnn.expand_injective' depends on axioms: [propext, Classical.choice, Quot.sound]
info: Qrnn/AxiomAudit.lean:19:0: 'Qrnn.normalize_norm' depends on axioms: [propext, Classical.choice, Quot.sound]
info: Qrnn/AxiomAudit.lean:20:0: 'Qrnn.splitActivation_hasFDerivAt' depends on axioms: [propext, Classical.choice, Quot.sound]
info: Qrnn/AxiomAudit.lean:21:0: 'Qrnn.qrnnRun_prefix' depends on axioms: [propext, Classical.choice, Quot.sound]
info: Qrnn/AxiomAudit.lean:22:0: 'Qrnn.qrnnStep_expand' depends on axioms: [propext, Classical.choice, Quot.sound]
info: Qrnn/AxiomAudit.lean:23:0: 'Qrnn.qrnnRun_expand' depends on axioms: [propext, Classical.choice, Quot.sound]
info: Qrnn/AxiomAudit.lean:24:0: 'Qrnn.qrnnStep_state_hasFDerivAt' depends on axioms: [propext, Classical.choice, Quot.sound]
info: Qrnn/AxiomAudit.lean:25:0: 'Qrnn.recurrentWeight_hasFDerivAt' depends on axioms: [propext, Classical.choice, Quot.sound]
info: Qrnn/AxiomAudit.lean:26:0: 'Qrnn.inputWeight_hasFDerivAt' depends on axioms: [propext, Classical.choice, Quot.sound]
info: Qrnn/AxiomAudit.lean:27:0: 'Qrnn.bias_hasFDerivAt' depends on axioms: [propext, Classical.choice, Quot.sound]
info: Qrnn/AxiomAudit.lean:28:0: 'Qrnn.layerWeight_hasFDerivAt' depends on axioms: [propext, Classical.choice, Quot.sound]
info: Qrnn/AxiomAudit.lean:29:0: 'Qrnn.readoutDerivative_pair' depends on axioms: [propext, Classical.choice, Quot.sound]
info: Qrnn/AxiomAudit.lean:30:0: 'Qrnn.halfSquaredLoss_hasFDerivAt' depends on axioms: [propext, Classical.choice, Quot.sound]
info: Qrnn/AxiomAudit.lean:31:0: 'Qrnn.outputLoss_hasFDerivAt' depends on axioms: [propext, Classical.choice, Quot.sound]
info: Qrnn/AxiomAudit.lean:32:0: 'Qrnn.output_gradient' depends on axioms: [propext, Classical.choice, Quot.sound]
info: Qrnn/AxiomAudit.lean:34:0: 'Qrnn.matVec_hasFDerivAt' depends on axioms: [propext, Classical.choice, Quot.sound]
info: Qrnn/AxiomAudit.lean:35:0: 'Qrnn.unroll_hasFDerivAt' depends on axioms: [propext, Classical.choice, Quot.sound]
info: Qrnn/AxiomAudit.lean:36:0: 'Qrnn.bptt_correct' depends on axioms: [propext, Classical.choice, Quot.sound]
info: Qrnn/AxiomAudit.lean:37:0: 'Qrnn.terminalLoss_hasFDerivAt' depends on axioms: [propext, Classical.choice, Quot.sound]
info: Qrnn/AxiomAudit.lean:38:0: 'Qrnn.sequenceLoss_hasFDerivAt' depends on axioms: [propext, Classical.choice, Quot.sound]
info: Qrnn/AxiomAudit.lean:39:0: 'Qrnn.split_joint_partials' depends on axioms: [propext, Classical.choice, Quot.sound]
info: Qrnn/AxiomAudit.lean:40:0: 'Qrnn.qrnnStep_joint_hasFDerivAt' depends on axioms: [propext, Classical.choice, Quot.sound]
info: Qrnn/AxiomAudit.lean:41:0: 'Qrnn.qrnnRun_hasFDerivAt' depends on axioms: [propext, Classical.choice, Quot.sound]
info: Qrnn/AxiomAudit.lean:42:0: 'Qrnn.qrnnBptt_correct' depends on axioms: [propext, Classical.choice, Quot.sound]
info: Qrnn/AxiomAudit.lean:43:0: 'Qrnn.qrnnTerminalStateLoss_hasFDerivAt' depends on axioms: [propext, Classical.choice, Quot.sound]
✔ [2435/2436] Built Qrnn (1.8s)
Build completed successfully (2436 jobs).
