✔ [3100/3120] Built Qrnn.Smoke (1.5s)
✔ [3101/3120] Built Qrnn.BPTT (3.3s)
✔ [3102/3120] Built Qrnn.Algebra (6.2s)
✔ [3103/3120] Built Qrnn.ActivationCore (1.0s)
✔ [3104/3120] Built Qrnn.InitializationCore (2.5s)
✔ [3105/3120] Built Qrnn.Forward (2.4s)
✔ [3106/3120] Built Qrnn.Activation (2.5s)
✔ [3107/3120] Built Qrnn.InitializationAudit (2.1s)
✔ [3108/3120] Built Qrnn.InitializationMoments (2.6s)
✔ [3109/3120] Built Qrnn.QLSTMReal (2.3s)
✔ [3110/3120] Built Qrnn.InitializationGaussian (2.6s)
✔ [3111/3120] Built Qrnn.InitializationUniform (3.2s)
✔ [3112/3120] Built Qrnn.ParameterCounts (4.7s)
✔ [3113/3120] Built Qrnn.Derivatives (8.4s)
✔ [3114/3120] Built Qrnn.OperationCounts (5.3s)
✔ [3115/3120] Built Qrnn.Loss (2.7s)
✔ [3116/3120] Built Qrnn.QRNNBPTT (5.2s)
✔ [3117/3120] Built Qrnn.QRNNGradients (5.4s)
✔ [3118/3120] Built Qrnn (2.1s)
✔ [3120/3120] Built Qrnn.BPTTAudit (2.2s)
Build completed successfully (3120 jobs).
Validated 21 source modules and 102 main-result axiom reports.
Lean (version 4.32.0, x86_64-unknown-linux-gnu, commit 8c9756b28d64dab099da31a4c09229a9e6a2ef35, Release)
Pins, preserved paper, proof-hole scans and import boundaries passed.
